GUI_GENERATED_MAP
NewMap
PLAYERS 1

MAP
40 X 40
OaOaOaOaOaOaOaOaOaOaOaOaOaOaOaOaOaOaOaOaOaOaOaOaOaOaOaOaOaOaOaOaOaOaOaOaOaOaOaOa
OaObObObObObObObObObObObObObObObObObObObObObObObObObObObObObObObObObObObObObObOa
OaObOcOcOcOcOcOcOcOcOcOcOcOcOcOcOcOcOcOcOcOcOcOcOcOcOcOcOcOcOcOcOcOcOcOcOcOcObOa
OaObOcOcOcOcOcOcOcOcOcOcOcOcOcOcOcOcOcOcOcOcOcOcOcOcOcOcOcOcOcOcOcOcOcOcOcOcObOa
OaObOcOcOcOcOcOcOcOcOcOcOcOcOcOcOcOcOcOcOcOcOcOcOcOcOcOcOcOcOcOcOcOcOcOcOcOcObOa
OaObOcOcOcOcOcOcOcOcOcOcOcOcOcOcOcOcOcOcOcOcOcOcOcOcOcOcOcOcOcOcOcOcOcOcOcOcObOa
OaObOcOcOcOcOcOcOcOcOcOcOcOcOcOcOcOcOcOcOcOcOcOcOcOcOcOdOdOdOcOcOcOcOcOcOcOcObOa
OaObOcOcOcOcOcOcOcOeOeOcOeOeOcOcOcOcOcOcOcOcOcOcOcOcOcOdOdOdOcOcOcOcOcOcOcOcObOa
OaObOcOcOcOcOcOcOeOeOeOeOeOeOcOcOcOcOcOcOcOcOcOcOcOcOcOdOdOdOcOcOcOcOcOcOcOcObOa
OaObOcOcOcOcOcOcOeOeOeOeOeOeOcOcOcOcOgOgOgOgOgOgOgOcOcOdOcOcOcOcOcOcOcOcOcOcObOa
OaObOcOcOcOcOcOcOeOeOeOeOeOeOeOcOcOcOgOgOgOgOgOgOgOcOcOdOcOcOcOcOcOcOcOcOcOcObOa
OaObOcOcOcOcOcOcOeOeOeOeOeOeOeOcOcOcOgOgOgOgOgOgOcOcOcOdOcOcOcOcOcOcOcOcOcOcObOa
OaObOcOc1I1I1I1I1I1IOeOeOeOeOeOeOcOcOgOgOgOgOgOgOcOcOdOdOcOcOcOcOcOcOcOcOcOcObOa
OaObOcOc1I1I1I1I1I1I1IOeOeOeOeOeOeOcOcOgOgOgOgOgOc1A1A1A1A1AOcOcOcOcOcOcOcOcObOa
OaObOcOc1I1I1I1I1I1I1I1IOeOeOeOeOeOcOc1A1A1AOgOg1A1A1A1A1A1AOcOcOcOcOcOcOcOcObOa
OaOb1B1B1B1I1I1I1I1I1IOe1A1A1A1A1A1A1A1A1A1A1A1A1A1H1H1H1H1A1AOcOcOcOcOcOcOcObOa
OaOb1B1F1B1I1I1I1I1IOeOe1AOeOeOeOeOeOcOc1A1A1A1A1A1H1H1H1H1A1AOcOcOcOcOcOcOcObOa
OaOb1B1F1B1B1I1I1I1I1B1B1A1B1BOeOeOeOeOc1A1A1A1A1A1H1H1H1H1AOcOcOcOcOcOcOcOcObOa
OaOb1B1F1F1B1B1A1B1B1B1I1I1I1BOeOeOeOeOc1AOcOcOcOc1H1H1H1H1AOcOcOcOcOcOcOcOcObOa
OaOb1B1F1F1B1A1A1A1A1A1I1I1I1BOeOeOeOeOe1AOeOeOeOcOcOcOcOc1AOcOcOcOcOcOcOcOcObOa
OaOb1B1F1F1F1F1A1A1B1B1I1I1I1BOeOeOeOeOe1AOeOeOeOeOcOcOcOcOdOcOcOcOcOcOcOcOcObOa
OaOb1B1F1F1F1F1F1A1B1B1B1B1B1BOeOeOeOe1B1A1BOeOeOeOeOeOeOcOdOcOcOcOcOcOcOcOcObOa
OaOb1B1F1F1F1F1F1F1F1B1BOeOeOeOeOe1C1C1C1A1C1C1COeOeOeOeOcOdOcOcOcOcOcOcOcOcObOa
OaOb1B1F1F1F1F1F1F1F1B1B1B1BOeOeOe1C1G1G1G1G1G1COeOeOeOeOcOdOcOcOcOcOcOcOcOcObOa
OaOb1B1F1F1F1F1F1F1F1D1D1D1BOeOeOe1C1G1G1G1G1G1C1BOeOeOcOcOdOc1E1E1EOcOcOcOcObOa
OaOb1B1F1F1F1F1F1F1F1D1D1D1A1A1A1A1A1G1G1G1G1G1A1A1A1A1A1A1A1A1E1E1EOcOcOcOcObOa
OaOb1B1F1F1F1F1F1F1A1D1D1D1BOcOeOe1C1G1G1G1G1G1C1BOeOeOcOcOcOc1E1E1EOcOcOcOcObOa
OaOb1B1B1F1F1F1F1F1A1D1D1D1BOcOeOe1C1G1G1G1G1G1COeOeOeOcOcOcOcOcOcOcOcOcOcOcObOa
OaObOc1B1B1B1F1F1F1A1D1D1D1B1B1B1B1C1C1C1A1C1C1COeOeOcOcOcOcOcOcOcOcOcOcOcOcObOa
OaObOcOcOc1B1B1B1A1A1D1D1D1D1D1D1BOeOe1B1A1BOeOeOeOeOcOcOcOcOcOcOcOcOcOcOcOcObOa
OaObOcOcOcOc1B1D1D1D1D1D1D1D1D1D1BOeOeOe1AOeOeOeOeOeOeOcOcOcOcOcOcOcOcOcOcOcObOa
OaObOcOcOcOc1B1D1D1D1D1D1D1D1D1D1BOeOeOeOgOcOcOeOeOeOeOcOcOcOc1F1F1F1F1F1FOcObOa
OaObOcOcOcOc1B1D1D1D1D1D1D1B1B1B1BOcOcOgOgOgOcOcOcOeOeOcOcOcOc1F1F1F1F1F1FOcObOa
OaObOcOcOcOc1B1B1B1B1B1B1B1BOcOcOcOcOcOgOgOgOcOcOcOcOcOcOcOcOc1F1F1F1F1F1FOcObOa
OaObOcOcOcOcOcOcOcOcOcOcOcOcOcOcOcOcOgOgOgOgOgOcOcOcOcOcOcOcOc1F1F1F1F1F1FOcObOa
OaObOcOcOcOcOcOcOcOcOcOcOcOcOcOcOcOcOgOgOgOgOcOcOcOcOcOcOcOcOc1F1F1F1F1F1FOcObOa
OaObOcOcOcOcOcOcOcOcOcOcOcOcOcOcOcOcOcOcOcOcOcOcOcOcOcOcOcOcOc1F1F1F1F1F1FOcObOa
OaObOcOcOcOcOcOcOcOcOcOcOcOcOcOcOcOcOcOcOcOcOcOcOcOcOcOcOcOcOcOcOcOcOcOcOcOcObOa
OaObObObObObObObObObObObObObObObObObObObObObObObObObObObObObObObObObObObObObObOa
OaOaOaOaOaOaOaOaOaOaOaOaOaOaOaOaOaOaOaOaOaOaOaOaOaOaOaOaOaOaOaOaOaOaOaOaOaOaOaOa

THINGS
0

CREATURES
34
IMP 7 25 L1 P1
IMP 20 20 L1 P1
GOBLIN 26 25 L1 P1
THIEF 26 25 L1 P1
TROLL 15 25 L1 P1
TROLL 23 25 L1 P1
TROLL 20 21 L1 P1
THIEF 6 22 L1 P1
THIEF 8 24 L1 P1
WARLOCK 20 29 L1 P1
GOBLIN 26 12 L1 P1
WARLOCK 27 12 L1 P1
GOBLIN 24 16 L1 P1
GOBLIN 27 6 L1 P1
GOBLIN 29 6 L1 P1
GOBLIN 27 9 L1 P1
GOBLIN 29 13 L1 P1
GOBLIN 19 14 L1 P1
GOBLIN 19 14 L1 P1
GOBLIN 19 14 L1 P1
GOBLIN 19 14 L1 P1
GOBLIN 19 14 L1 P1
TROLL 22 14 L1 P1
TROLL 22 14 L1 P1
TROLL 22 16 L1 P1
TROLL 22 16 L1 P1
TROLL 29 8 L1 P1
TROLL 29 8 L1 P1
IMP 27 17 L1 P1
IMP 24 17 L1 P1
IMP 20 17 L1 P1
IMP 27 18 L1 P1
IMP 15 15 L1 P1
IMP 12 15 L1 P1

DOORS
0

TRAPS
0

HEARTS_AND_GOLD
KPR1_HEART_CENTER 20 25
GOLD1 0

HERO_BANDS
0

AREAS
0

HERO_GATES
0

TRIGGERS
0

SCENARIO_DESCRIPTION
EOF
