GUI_GENERATED_MAP
NewMap
PLAYERS 1

MAP
30 X 30
OaOaOaOaOaOaOaOaOaOaOaOaOaOaOaOaOaOaOaOaOaOaOaOaOaOaOaOaOaOa
OaObObObObObObObObObObObObObObObObObObObObObObObObObObObObOa
OaObOcOcOcOcOcOcOcOcOcOcOcOcOcOcOcOcOcOcOcOcOcOcOcOcOcOcObOa
OaObOcOgOgOgOcOcOcOcOcOcOcOcOcOcOcOcOcOcOcOcOcOcOcOcOcOcObOa
OaObOcOgOgOgOgOcOcOcOcOcOcOcOcOcOcOcOcOcOcOcOcOcOcOcOcOcObOa
OaObOcOgOgOgOcOcOcOcOcOcOcOcOcOcOcOcOcOcOcOcOcOcOcOcOcOcObOa
OaObOcOgOgOgOcOcOcOcOcOcOcOgOcOcOcOcOcOcOcOcOcOcOcOcOcOcObOa
OaObOcOcOgOcOcOcOcOcOcOcOcOgOgOgOgOgOcOcOcOcOcOcOcOcOcOcObOa
OaObOcOcOcOcOcOcOcOcOcOcOcOgOgOgOgOgOcOcOcOcOcOcOcOcOcOcObOa
OaObOcOcOcOcOcOcOcOcOcOcOcOcOgOgOgOgOcOcOcOcOcOcOcOcOcOcObOa
OaObOcOcOcOcOcOcOcOcOcOcOcOcOgOgOgOgOcOcOcOcOcOcOcOcOcOcObOa
OaObOcOcOcOcOcOeOeOeOcOcOcOcOcOgOgOcOcOcOcOcOcOcOcOcOcOcObOa
OaObOcOcOcOcOcOeOeOeOeOeOeOe1A1A1AOcOcOcOcOcOcOcOcOcOcOcObOa
OaObOcOcOcOcOcOeOeOeOeOeOeOeOe1AOeOeOeOeOeOcOcOcOcOcOcOcObOa
OaObOcOcOcOcOcOcOeOeOeOeOeOeOe1AOeOeOeOeOeOcOcOcOcOcOcOcObOa
OaObOcOcOcOcOcOcOcOeOeOe1C1C1C1C1C1C1COeOeOcOcOcOcOcOcOcObOa
OaObOcOcOcOcOcOcOcOeOeOe1C1G1G1G1G1G1COeOeOcOcOcOcOcOcOcObOa
OaObOcOcOcOcOcOcOcOcOeOe1C1G1G1G1G1G1COeOeOcOcOcOc1E1E1EObOa
OaObOcOcOcOcOcOcOcOcOc1A1C1G1G1G1G1G1C1A1AOdOdOdOd1E1E1EObOa
OaObOcOcOcOcOcOcOcOcOeOe1C1G1G1G1G1G1COeOeOeOcOcOc1E1E1EObOa
OaObOcOcOcOcOcOcOeOeOeOe1C1G1G1G1G1G1COeOeOeOcOcOcOcOcOcObOa
OaObOcOcOcOcOcOeOeOeOeOe1C1C1C1C1C1C1COeOeOeOcOcOcOcOcOcObOa
OaObOcOcOcOcOcOeOeOeOeOeOeOeOe1AOeOeOeOeOeOeOcOcOcOcOcOcObOa
OaObOcOcOcOcOcOcOeOeOeOeOeOeOeOdOeOeOeOeOeOeOcOcOcOcOcOcObOa
OaObOcOcOcOcOcOcOcOeOeOcOcOcOcOgOcOcOcOcOcOcOcOcOcOcOcOcObOa
OaObOcOcOcOcOcOcOcOcOcOcOcOgOgOgOgOgOcOcOcOcOcOcOcOcOcOcObOa
OaObOcOcOcOcOcOcOcOcOcOcOgOgOgOgOgOgOgOcOcOcOcOcOcOcOcOcObOa
OaObOcOcOcOcOcOcOcOcOcOcOcOcOcOcOcOcOcOcOcOcOcOcOcOcOcOcObOa
OaObObObObObObObObObObObObObObObObObObObObObObObObObObObObOa
OaOaOaOaOaOaOaOaOaOaOaOaOaOaOaOaOaOaOaOaOaOaOaOaOaOaOaOaOaOa

THINGS
0

CREATURES
4
IMP 15 16 L1 P1
IMP 17 18 L1 PN
IMP 13 18 L1 PN
IMP 15 20 L1 PN

DOORS
0

TRAPS
0

HEARTS_AND_GOLD
KPR1_HEART_CENTER 15 18
GOLD1 0

HERO_BANDS
0

AREAS
0

HERO_GATES
0

TRIGGERS
0

SCENARIO_DESCRIPTION
EOF
